geometry pool: 106692 rows from 4 runs
/home/user/photometry/src/photometry/learn/model.py:31: UserWarning: enable_nested_tensor is True, but self.use_nested_tensor is False because encoder_layer.norm_first was True
  self.encoder = nn.TransformerEncoder(layer, n_layers)
/home/user/photometry/src/photometry/learn/train.py:50: UserWarning: Converting a tensor with requires_grad=True to a scalar may lead to unexpected behavior.
Consider using tensor.detach() first. (Triggered internally at /__w/pytorch/pytorch/torch/csrc/autograd/generated/python_variable_methods.cpp:820.)
  rec = dict(step=step, loss=float(loss), **parts,
step     0 loss 3.6031 pole 0.8965 period 1.0929 axis 1.0416 [1s]
step   100 loss 1.9884 pole 0.6203 period 0.4746 axis 0.8379 [76s]
step   200 loss 2.0546 pole 0.4959 period 0.5147 axis 1.0584 [150s]
step   300 loss 2.6857 pole 0.3844 period 0.8339 axis 1.2669 [223s]
step   400 loss 2.1406 pole 0.8120 period 0.4691 axis 0.7807 [299s]
step   500 loss 1.3971 pole 0.4149 period 0.2753 axis 0.8633 [372s]
step   600 loss 2.0448 pole 0.7761 period 0.3891 axis 0.9809 [445s]
step   700 loss 1.7745 pole 0.3973 period 0.4708 axis 0.8714 [521s]
step   800 loss 1.6538 pole 0.4998 period 0.3586 axis 0.8735 [594s]
step   900 loss 1.8775 pole 0.4988 period 0.4817 axis 0.8308 [668s]
step  1000 loss 2.4115 pole 0.8018 period 0.5521 axis 1.0108 [743s]
step  1100 loss 2.2751 pole 0.7058 period 0.5982 axis 0.7457 [818s]
step  1200 loss 2.1740 pole 0.6603 period 0.5851 axis 0.6871 [891s]
step  1300 loss 2.0645 pole 0.7085 period 0.3875 axis 1.1619 [964s]
step  1400 loss 2.2426 pole 0.6896 period 0.5929 axis 0.7344 [1037s]
step  1500 loss 1.6297 pole 0.5722 period 0.2930 axis 0.9429 [1115s]
step  1600 loss 2.1179 pole 0.7567 period 0.4940 axis 0.7465 [1190s]
step  1700 loss 1.8585 pole 0.6375 period 0.3559 axis 1.0186 [1264s]
step  1800 loss 1.6546 pole 0.5284 period 0.3220 axis 0.9645 [1338s]
step  1900 loss 1.9408 pole 0.6833 period 0.3840 axis 0.9789 [1412s]
step  1999 loss 1.6376 pole 0.5219 period 0.3268 axis 0.9242 [1486s]
/home/user/photometry/src/photometry/learn/model.py:31: UserWarning: enable_nested_tensor is True, but self.use_nested_tensor is False because encoder_layer.norm_first was True
  self.encoder = nn.TransformerEncoder(layer, n_layers)
synth  0 starlink_v15         P=  55.1s net  47.3deg/ 19.9% -> polished 52.30deg [1.0s] | grid  8.97deg [6s]
synth  1 hubble               P= 163.8s net  70.7deg/  7.7% -> polished 68.21deg [2.2s] | grid  0.06deg [11s]
synth  2 bluewalker3          P= 195.4s net  16.6deg/  8.4% -> polished  0.68deg [1.9s] | grid  0.03deg [7s]
synth  3 jp_igs_radar         P= 101.9s net  27.1deg/  8.7% -> polished 13.72deg [2.2s] | grid  0.03deg [10s]
synth  4 umbra                P= 342.2s net  39.0deg/  8.9% -> polished 25.90deg [1.6s] | grid  0.27deg [8s]
synth  5 starlink_v2mini_dtc  P= 224.4s net  19.3deg/  8.5% -> polished  7.27deg [3.2s] | grid  0.01deg [10s]
synth  6 starlink_v15         P=  48.7s net  21.0deg/  9.5% -> polished 16.79deg [1.4s] | grid  0.05deg [8s]
synth  7 hubble               P= 198.1s net  17.8deg/  8.7% -> polished  6.07deg [2.2s] | grid  0.02deg [12s]
synth  8 bluewalker3          P= 371.3s net  11.6deg/  8.3% -> polished  5.72deg [1.4s] | grid  0.02deg [8s]
synth  9 jp_igs_radar         P= 294.5s net  83.5deg/ 24.3% -> polished 81.31deg [1.6s] | grid 43.10deg [10s]
synth 10 umbra                P= 229.0s net  77.5deg/  8.0% -> polished 79.11deg [1.8s] | grid  0.04deg [10s]
synth 11 starlink_v2mini_dtc  P=  78.1s net  45.8deg/ 16.7% -> polished 61.68deg [1.2s] | grid  9.85deg [8s]
synth 12 starlink_v15         P=  41.9s net  81.9deg/  9.4% -> polished 77.28deg [1.5s] | grid  0.15deg [7s]
synth 13 hubble               P= 222.8s net  33.6deg/  8.0% -> polished 34.24deg [1.5s] | grid  0.04deg [10s]
synth 14 bluewalker3          P=  49.7s net  80.5deg/  9.3% -> polished 89.95deg [1.7s] | grid 88.79deg [8s]
synth 15 jp_igs_radar         P= 347.8s net  64.7deg/  8.1% -> polished 66.76deg [1.7s] | grid  0.12deg [10s]
synth 16 umbra                P= 265.7s net   6.8deg/  7.7% -> polished  5.77deg [2.1s] | grid  0.09deg [10s]
synth 17 starlink_v2mini_dtc  P= 585.5s net  75.3deg/ 46.0% -> polished  8.64deg [1.9s] | grid  0.38deg [9s]
synth 18 starlink_v15         P=  50.0s net  76.4deg/ 25.7% -> polished 86.65deg [1.7s] | grid  0.08deg [6s]
synth 19 hubble               P= 588.3s net  57.2deg/ 31.5% -> polished 61.69deg [1.7s] | grid  3.08deg [10s]
synth 20 bluewalker3          P=  56.8s net  82.3deg/  8.8% -> polished 76.32deg [1.3s] | grid  0.08deg [7s]
synth 21 jp_igs_radar         P= 329.0s net  85.6deg/  8.4% -> polished 85.06deg [1.7s] | grid  0.04deg [10s]
synth 22 umbra                P= 125.6s net  78.0deg/ 29.3% -> polished 79.31deg [2.1s] | grid  5.25deg [10s]
synth 23 starlink_v2mini_dtc  P= 107.9s net  87.2deg/  7.6% -> polished 81.03deg [1.8s] | grid  0.04deg [10s]
synth 24 starlink_v15         P=  46.5s net  59.9deg/  9.4% -> polished 35.20deg [2.4s] | grid  0.03deg [7s]
synth 25 hubble               P= 267.4s net  61.1deg/ 18.6% -> polished 61.91deg [1.7s] | grid  3.21deg [9s]
synth 26 bluewalker3          P= 387.8s net  74.6deg/ 12.1% -> polished 79.08deg [1.3s] | grid 84.79deg [6s]
synth 27 jp_igs_radar         P=  99.3s net  90.0deg/ 21.5% -> polished 88.65deg [2.2s] | grid  2.01deg [10s]
synth 28 umbra                P=  47.3s net  56.2deg/  9.2% -> polished 28.97deg [2.0s] | grid  0.04deg [10s]
synth 29 starlink_v2mini_dtc  P= 390.0s net  57.2deg/  9.0% -> polished 48.90deg [2.5s] | grid  0.11deg [10s]
synth 30 starlink_v15         P= 261.1s net  48.2deg/  6.2% -> polished 47.73deg [1.3s] | grid  0.03deg [7s]
synth 31 hubble               P= 162.0s net  85.5deg/  5.7% -> polished 67.30deg [2.5s] | grid 77.88deg [11s]
synth 32 bluewalker3          P= 175.1s net  69.0deg/ 12.6% -> polished 73.20deg [1.6s] | grid  0.30deg [6s]
synth 33 jp_igs_radar         P=  41.1s net  51.2deg/  8.7% -> polished 47.52deg [2.6s] | grid  0.05deg [8s]
synth 34 umbra                P=  48.2s net  64.4deg/192.8% -> polished 65.75deg [1.4s] | grid  0.00deg [9s]
synth 35 starlink_v2mini_dtc  P= 100.9s net  76.3deg/  8.9% -> polished 76.69deg [2.2s] | grid  0.00deg [10s]
synth 36 starlink_v15         P=  95.9s net  42.2deg/  8.1% -> polished 41.59deg [1.3s] | grid  0.01deg [7s]
synth 37 hubble               P= 100.6s net  76.1deg/ 20.4% -> polished 71.13deg [2.2s] | grid  0.23deg [13s]
synth 38 bluewalker3          P= 280.7s net  29.9deg/ 31.0% -> polished 22.47deg [2.0s] | grid  0.11deg [8s]
synth 39 jp_igs_radar         P=  55.1s net  65.4deg/  9.1% -> polished 65.43deg [2.0s] | grid 88.33deg [9s]
fleet katalyst_link__tumble        net  47.8deg/  7.5% -> polished 44.11deg [1.4s] | grid  0.19deg [9s]
fleet starlink_v15__tumble         net  48.0deg/  7.9% -> polished 47.49deg [1.5s] | grid  0.24deg [7s]
fleet starlink_v2mini__tumble      net  48.1deg/  8.2% -> polished 48.44deg [1.7s] | grid  0.15deg [9s]
fleet starlink_v2mini_dtc__tumble  net  48.1deg/  8.4% -> polished 34.72deg [1.4s] | grid  0.16deg [9s]
fleet bluewalker3__tumble          net  48.0deg/  8.1% -> polished 55.67deg [2.0s] | grid  0.06deg [7s]
fleet hubble__tumble               net  29.5deg/ 74.9% -> polished 42.79deg [2.1s] | grid  2.90deg [12s]
torque-free seeded: {'net_period': 104.612, 'seed_pole_err': 64.948, 'cost': 60.704, 'cost_uniform_seed': 81.406, 'inertia_est': [1.0, 3.9384200641625524, 4.445244285354948], 'omega0_est': [0.002009552292460581, -0.015453813749182466, 0.0590463840638463], 'att_err_median_deg': 129.649, 'att_err_mean_deg': 126.655, 't_s': 569.209}
wrote results/learn/summary.json
